[{'name': 'Vivaan Patel', 'email': 'vivaan.patel@adaptivepay.com', 'base_salary': Decimal('649362.00')}, {'name': 'Anika Joshi', 'email': 'anika.joshi@adaptivepay.com', 'base_salary': Decimal('672390.00')}, {'name': 'Arjun Reddy', 'email': 'arjun.reddy@adaptivepay.com', 'base_salary': Decimal('1140500.00')}, {'name': 'Diya Malhotra', 'email': 'diya.malhotra@adaptivepay.com', 'base_salary': Decimal('1057492.00')}, {'name': 'Krishna Iyer', 'email': 'krishna.iyer@adaptivepay.com', 'base_salary': Decimal('304459.00')}]